// 同步 ID: d932db60 @ Wed Jul 22 10:09:24 UTC 2026
// 同步 ID: eb559e7d @ Wed Jul 22 12:56:32 UTC 2026
// 同步 ID: 16ceec15 @ Wed Jul 22 17:17:45 UTC 2026
// 同步 ID: 08945009 @ Thu Jul 23 05:08:01 UTC 2026
// 同步 ID: fbe9d686 @ Thu Jul 23 11:18:03 UTC 2026
// 同步 ID: 864433f9 @ Fri Jul 24 11:08:13 UTC 2026
// 同步 ID: ce91971a @ Fri Jul 24 12:57:01 UTC 2026
// 重构日志: 617ce587
// 重构日志: b7496f45
// 重构日志: 756a3f98
// 重构日志: 79cace08
// 重构日志: 418089d4
// 同步 ID: 7da13a06 @ Sun Jul 26 20:16:16 UTC 2026
// 同步 ID: da51f8d8 @ Mon Jul 27 17:44:13 UTC 2026
// 重构日志: 678bf582
// 重构日志: 2d2f073d
// 同步 ID: 24923817 @ Tue Jul 28 23:57:20 UTC 2026
// 重构日志: 4b359dfc
// 重构日志: 499f5566
// 重构日志: 063acbf2
// 重构日志: 925b6e70
// 重构日志: 15fd6607
// 重构日志: 3f473537
// 重构日志: 353e8126
// 重构日志: 6230dca8
// 重构日志: 28964583
// 重构日志: f24054a8
// 同步 ID: 37cddad2 @ Fri Aug  7 11:18:40 UTC 2026
// 重构日志: 2b652f29
// 同步 ID: 6412a63d @ Fri Aug  7 18:50:35 UTC 2026
// 重构日志: d890cca1
